Microchip MPLAB XC8 Compiler V2.00 ()

Linker command line:

-W-3 --edf=C:\Program Files (x86)\Microchip\xc8\v2.00\pic\dat\en_msgs.txt \
  -cs -h+dist/default/production\Hidroponia.production.sym \
  --cmf=dist/default/production\Hidroponia.production.cmf -z -Q16F1823 \
  -oC:\Users\acer\AppData\Local\Temp\su0.2 --defsym=__MPLAB_BUILD=1 \
  -Mdist/default/production/Hidroponia.production.map -E1 -ver=XC8 \
  --acfsm=1493 -ASTACK=0201Dh-0206fh -pstack=STACK -ACODE=00h-07FFh \
  -ASTRCODE=00h-07FFh -ASTRING=00h-0FFhx8 -ACONST=00h-0FFhx8 \
  -AENTRY=00h-0FFhx8 -ACOMMON=070h-07Fh -ABANK0=020h-06Fh -ABANK1=0A0h-0BFh \
  -ABIGRAM=02000h-0206Fh -ARAM=020h-06Fh,0A0h-0BFh \
  -AABS1=020h-07Fh,0A0h-0BFh -ASFR0=00h-01Fh -ASFR1=080h-09Fh \
  -ASFR2=0100h-016Fh -ASFR3=0180h-01EFh -ASFR4=0200h-026Fh \
  -ASFR5=0280h-02EFh -ASFR6=0300h-036Fh -ASFR7=0380h-03EFh \
  -ASFR8=0400h-046Fh -ASFR9=0480h-04EFh -ASFR10=0500h-056Fh \
  -ASFR11=0580h-05EFh -ASFR12=0600h-066Fh -ASFR13=0680h-06EFh \
  -ASFR14=0700h-076Fh -ASFR15=0780h-07EFh -ASFR16=0800h-086Fh \
  -ASFR17=0880h-08EFh -ASFR18=0900h-096Fh -ASFR19=0980h-09EFh \
  -ASFR20=0A00h-0A6Fh -ASFR21=0A80h-0AEFh -ASFR22=0B00h-0B6Fh \
  -ASFR23=0B80h-0BEFh -ASFR24=0C00h-0C6Fh -ASFR25=0C80h-0CEFh \
  -ASFR26=0D00h-0D6Fh -ASFR27=0D80h-0DEFh -ASFR28=0E00h-0E6Fh \
  -ASFR29=0E80h-0EEFh -ASFR30=0F00h-0F6Fh -ASFR31=0F80h-0FEFh \
  -preset_vec=00h,intentry=04h,init,end_init -ppowerup=CODE -pcinit=CODE \
  -pfunctab=ENTRY -ACONFIG=08007h-08008h -pconfig=CONFIG -DCONFIG=2 \
  -AIDLOC=08000h-08003h -pidloc=IDLOC -DIDLOC=2 -AEEDATA=00h-0FFh/0F000h \
  -peeprom_data=EEDATA -DEEDATA=2 -DCODE=2 -DSTRCODE=2 -DSTRING=2 -DCONST=2 \
  -DENTRY=2 -k C:\Users\acer\AppData\Local\Temp\su0.o \
  dist/default/production\Hidroponia.production.o 

Object code version is 3.11

Machine type is 16F1823



                Name                               Link     Load   Length Selector   Space Scale
C:\Users\acer\AppData\Local\Temp\su0.o
                end_init                             30       30        1        8       0
                reset_vec                             0        0        1        0       0
                config                             8007     8007        2    1000E       0
dist/default/production\Hidroponia.production.o
                cinit                                31       31        F        8       0
                intentry                              4        4       2C        8       0
                text37                              24E      24E        4      352       0
                text36                              267      267        3      352       0
                text35                              264      264        3      352       0
                text34                              261      261        3      352       0
                text33                              25E      25E        3      352       0
                text32                              25B      25B        3      352       0
                text31                              26A      26A        1      352       0
                text30                              24A      24A        4      352       0
                text29                              246      246        4      352       0
                text28                              239      239        5      352       0
                text27                              1E4      1E4        9      352       0
                text26                              258      258        3      352       0
                text25                               F3       F3       3A        8       0
                text24                              1DB      1DB        9      352       0
                text23                              233      233        6      352       0
                text22                              22D      22D        6      352       0
                text21                              227      227        6      352       0
                text20                              221      221        6      352       0
                text19                              21B      21B        6      352       0
                text18                              1C8      1C8        A      352       0
                text17                              1D2      1D2        9      352       0
                text16                              1ED      1ED        8      352       0
                text15                              215      215        6      352       0
                text14                              20F      20F        6      352       0
                text13                              209      209        6      352       0
                text12                              12D      12D       31        8       0
                text11                               40       40       5F        8       0
                text10                               9F       9F       54        8       0
                text9                               255      255        3      352       0
                text8                               15E      15E       2B        8       0
                text7                               252      252        3      352       0
                text6                               242      242        4      352       0
                text4                               1FC      1FC        7      352       0
                text3                               1A9      1A9       15      352       0
                text2                               23E      23E        4      352       0
                text1                               1BE      1BE        A      352       0
                maintext                            1F5      1F5        7      352       0
                cstackCOMMON                         70       70        7       70       1
                clrtext                             203      203        6      352       0
                bssBANK0                             20       20       1D       20       1
                bssCOMMON                            77       77        4       70       1
                stringtext1                         189      189       20      312       0

TOTAL           Name                               Link     Load   Length     Space
        CLASS   STACK          

        CLASS   CODE           
                end_init                             30       30        1         0
                cinit                                31       31        F         0
                intentry                              4        4       2C         0
                reset_vec                             0        0        1         0
                text37                              24E      24E        4         0
                text36                              267      267        3         0
                text35                              264      264        3         0
                text34                              261      261        3         0
                text33                              25E      25E        3         0
                text32                              25B      25B        3         0
                text31                              26A      26A        1         0
                text30                              24A      24A        4         0
                text29                              246      246        4         0
                text28                              239      239        5         0
                text27                              1E4      1E4        9         0
                text26                              258      258        3         0
                text25                               F3       F3       3A         0
                text24                              1DB      1DB        9         0
                text23                              233      233        6         0
                text22                              22D      22D        6         0
                text21                              227      227        6         0
                text20                              221      221        6         0
                text19                              21B      21B        6         0
                text18                              1C8      1C8        A         0
                text17                              1D2      1D2        9         0
                text16                              1ED      1ED        8         0
                text15                              215      215        6         0
                text14                              20F      20F        6         0
                text13                              209      209        6         0
                text12                              12D      12D       31         0
                text11                               40       40       5F         0
                text10                               9F       9F       54         0
                text9                               255      255        3         0
                text8                               15E      15E       2B         0
                text7                               252      252        3         0
                text6                               242      242        4         0
                text4                               1FC      1FC        7         0
                text3                               1A9      1A9       15         0
                text2                               23E      23E        4         0
                text1                               1BE      1BE        A         0
                maintext                            1F5      1F5        7         0
                clrtext                             203      203        6         0

        CLASS   STRCODE        
                stringtext1                         189      189       20         0

        CLASS   STRING         

        CLASS   CONST          

        CLASS   ENTRY          

        CLASS   COMMON         
                cstackCOMMON                         70       70        7         1
                bssCOMMON                            77       77        4         1

        CLASS   BANK0          
                bssBANK0                             20       20       1D         1

        CLASS   BANK1          

        CLASS   BIGRAM         

        CLASS   RAM            

        CLASS   ABS1           
                abs_s1                               7E       7E        2         1

        CLASS   SFR0           

        CLASS   SFR1           

        CLASS   SFR2           

        CLASS   SFR3           

        CLASS   SFR4           

        CLASS   SFR5           

        CLASS   SFR6           

        CLASS   SFR7           

        CLASS   SFR8           

        CLASS   SFR9           

        CLASS   SFR10          

        CLASS   SFR11          

        CLASS   SFR12          

        CLASS   SFR13          

        CLASS   SFR14          

        CLASS   SFR15          

        CLASS   SFR16          

        CLASS   SFR17          

        CLASS   SFR18          

        CLASS   SFR19          

        CLASS   SFR20          

        CLASS   SFR21          

        CLASS   SFR22          

        CLASS   SFR23          

        CLASS   SFR24          

        CLASS   SFR25          

        CLASS   SFR26          

        CLASS   SFR27          

        CLASS   SFR28          

        CLASS   SFR29          

        CLASS   SFR30          

        CLASS   SFR31          

        CLASS   CONFIG         
                config                             8007     8007        2         0

        CLASS   IDLOC          

        CLASS   EEDATA         

        CLASS   BANK31         

        CLASS   BANK30         

        CLASS   BANK29         

        CLASS   BANK28         

        CLASS   BANK27         

        CLASS   BANK26         

        CLASS   BANK25         

        CLASS   BANK24         

        CLASS   BANK23         

        CLASS   BANK22         

        CLASS   BANK21         

        CLASS   BANK20         

        CLASS   BANK19         

        CLASS   BANK18         

        CLASS   BANK17         

        CLASS   BANK16         

        CLASS   BANK15         

        CLASS   BANK14         

        CLASS   BANK13         

        CLASS   BANK12         

        CLASS   BANK11         

        CLASS   BANK10         

        CLASS   BANK9          

        CLASS   BANK8          

        CLASS   BANK7          

        CLASS   BANK6          

        CLASS   BANK5          

        CLASS   BANK4          

        CLASS   BANK3          

        CLASS   BANK2          



SEGMENTS        Name                           Load    Length   Top    Selector   Space  Class     Delta

                reset_vec                      000000  000001  000001         0       0  CODE        2
                intentry                       000004  000185  000189         8       0  CODE        2
                bssBANK0                       000020  00001D  00003D        20       1  BANK0       1
                cstackCOMMON                   000070  00000B  00007B        70       1  COMMON      1
                stringtext1                    000189  000020  0001A9       312       0  STRCODE     2
                text3                          0001A9  0000C2  00026B       352       0  CODE        2
                config                         008007  000002  008009     1000E       0  CONFIG      2


UNUSED ADDRESS RANGES

        Name                Unused          Largest block    Delta
        BANK0            0003D-0006F              33           1
        BANK1            000A0-000BF              20           1
        BIGRAM           02000-0206F              70           1
        CODE             00001-00003               3           2
                         0026B-007FF             595
        COMMON           0007B-0007D               3           1
        CONST            00001-00003               3           2
                         0026B-007FF             100
        EEDATA           0F000-0F0FF             100           2
        ENTRY            00001-00003               3           2
                         0026B-007FF             100
        IDLOC            08000-08003               4           2
        RAM              0003D-0006F              33           1
                         000A0-000BF              20
        SFR0             00000-0001F              20           1
        SFR1             00080-0009F              20           1
        SFR10            00500-0056F              70           1
        SFR11            00580-005EF              70           1
        SFR12            00600-0066F              70           1
        SFR13            00680-006EF              70           1
        SFR14            00700-0076F              70           1
        SFR15            00780-007EF              70           1
        SFR16            00800-0086F              70           1
        SFR17            00880-008EF              70           1
        SFR18            00900-0096F              70           1
        SFR19            00980-009EF              70           1
        SFR2             00100-0016F              70           1
        SFR20            00A00-00A6F              70           1
        SFR21            00A80-00AEF              70           1
        SFR22            00B00-00B6F              70           1
        SFR23            00B80-00BEF              70           1
        SFR24            00C00-00C6F              70           1
        SFR25            00C80-00CEF              70           1
        SFR26            00D00-00D6F              70           1
        SFR27            00D80-00DEF              70           1
        SFR28            00E00-00E6F              70           1
        SFR29            00E80-00EEF              70           1
        SFR3             00180-001EF              70           1
        SFR30            00F00-00F6F              70           1
        SFR31            00F80-00FEF              70           1
        SFR4             00200-0026F              70           1
        SFR5             00280-002EF              70           1
        SFR6             00300-0036F              70           1
        SFR7             00380-003EF              70           1
        SFR8             00400-0046F              70           1
        SFR9             00480-004EF              70           1
        STACK            0201D-0206F              53           1
        STRCODE          00001-00003               3           2
                         0026B-007FF             595
        STRING           00001-00003               3           2
                         0026B-007FF             100

                                  Symbol Table

_ANSELA                                (abs)        0018C
_ANSELC                                (abs)        0018E
_APFCON                                (abs)        0011D
_BORCON                                (abs)        00116
_INTCONbits                            (abs)        0000B
_INTERRUPT_InterruptManager            intentry     00004
_LATA                                  (abs)        0010C
_LATC                                  (abs)        0010E
_OPTION_REGbits                        (abs)        00095
_OSCCON                                (abs)        00099
_OSCILLATOR_Initialize                 text4        001FC
_OSCTUNE                               (abs)        00098
_PIE1bits                              (abs)        00091
_PIE2bits                              (abs)        00092
_PIN_MANAGER_Initialize                text3        001A9
_PIR1bits                              (abs)        00011
_PIR2bits                              (abs)        00012
_SSP1ADD                               (abs)        00212
_SSP1BUF                               (abs)        00211
_SSP1CON1                              (abs)        00215
_SSP1CON1bits                          (abs)        00215
_SSP1CON2                              (abs)        00216
_SSP1CON2bits                          (abs)        00216
_SSP1MSK                               (abs)        00213
_SSP1STAT                              (abs)        00214
_SSP1STATbits                          (abs)        00214
_SYSTEM_Initialize                     text1        001BE
_TRISA                                 (abs)        0008C
_TRISC                                 (abs)        0008E
_WDTCON                                (abs)        00097
_WDT_Initialize                        text2        0023E
_WPUA                                  (abs)        0020C
_WPUC                                  (abs)        0020E
__CFG_BOREN$ON                         (abs)        00000
__CFG_BORV$LO                          (abs)        00000
__CFG_CLKOUTEN$OFF                     (abs)        00000
__CFG_CP$OFF                           (abs)        00000
__CFG_CPD$OFF                          (abs)        00000
__CFG_FCMEN$ON                         (abs)        00000
__CFG_FOSC$INTOSC                      (abs)        00000
__CFG_IESO$ON                          (abs)        00000
__CFG_LVP$ON                           (abs)        00000
__CFG_MCLRE$ON                         (abs)        00000
__CFG_PLLEN$OFF                        (abs)        00000
__CFG_PWRTE$OFF                        (abs)        00000
__CFG_STVREN$ON                        (abs)        00000
__CFG_WDTE$OFF                         (abs)        00000
__CFG_WRT$OFF                          (abs)        00000
__Habs1                                abs1         00000
__Hbank0                               bank0        00000
__Hbank1                               bank1        00000
__Hbank10                              bank10       00000
__Hbank11                              bank11       00000
__Hbank12                              bank12       00000
__Hbank13                              bank13       00000
__Hbank14                              bank14       00000
__Hbank15                              bank15       00000
__Hbank16                              bank16       00000
__Hbank17                              bank17       00000
__Hbank18                              bank18       00000
__Hbank19                              bank19       00000
__Hbank2                               bank2        00000
__Hbank20                              bank20       00000
__Hbank21                              bank21       00000
__Hbank22                              bank22       00000
__Hbank23                              bank23       00000
__Hbank24                              bank24       00000
__Hbank25                              bank25       00000
__Hbank26                              bank26       00000
__Hbank27                              bank27       00000
__Hbank28                              bank28       00000
__Hbank29                              bank29       00000
__Hbank3                               bank3        00000
__Hbank30                              bank30       00000
__Hbank31                              bank31       00000
__Hbank4                               bank4        00000
__Hbank5                               bank5        00000
__Hbank6                               bank6        00000
__Hbank7                               bank7        00000
__Hbank8                               bank8        00000
__Hbank9                               bank9        00000
__Hbigram                              bigram       00000
__HbssBANK0                            bssBANK0     00000
__HbssCOMMON                           bssCOMMON    00000
__Hcinit                               cinit        00040
__Hclrtext                             clrtext      00000
__Hcode                                code         00000
__Hcommon                              common       00000
__Hconfig                              config       08009
__HcstackBANK0                         cstackBANK0  00000
__HcstackCOMMON                        cstackCOMMON 00000
__Heeprom_data                         eeprom_data  00000
__Hend_init                            end_init     00031
__Hfunctab                             functab      00000
__Hidloc                               idloc        00000
__Hinit                                init         00030
__Hintentry                            intentry     00030
__Hmaintext                            maintext     00000
__Hpowerup                             powerup      00000
__Hram                                 ram          00000
__Hreset_vec                           reset_vec    00001
__Hsfr0                                sfr0         00000
__Hsfr1                                sfr1         00000
__Hsfr10                               sfr10        00000
__Hsfr11                               sfr11        00000
__Hsfr12                               sfr12        00000
__Hsfr13                               sfr13        00000
__Hsfr14                               sfr14        00000
__Hsfr15                               sfr15        00000
__Hsfr16                               sfr16        00000
__Hsfr17                               sfr17        00000
__Hsfr18                               sfr18        00000
__Hsfr19                               sfr19        00000
__Hsfr2                                sfr2         00000
__Hsfr20                               sfr20        00000
__Hsfr21                               sfr21        00000
__Hsfr22                               sfr22        00000
__Hsfr23                               sfr23        00000
__Hsfr24                               sfr24        00000
__Hsfr25                               sfr25        00000
__Hsfr26                               sfr26        00000
__Hsfr27                               sfr27        00000
__Hsfr28                               sfr28        00000
__Hsfr29                               sfr29        00000
__Hsfr3                                sfr3         00000
__Hsfr30                               sfr30        00000
__Hsfr31                               sfr31        00000
__Hsfr4                                sfr4         00000
__Hsfr5                                sfr5         00000
__Hsfr6                                sfr6         00000
__Hsfr7                                sfr7         00000
__Hsfr8                                sfr8         00000
__Hsfr9                                sfr9         00000
__Hspace_0                             (abs)        08009
__Hspace_1                             (abs)        0007B
__Hspace_2                             (abs)        00000
__Hspace_3                             (abs)        00000
__Hstack                               stack        00000
__Hstrings                             strings      00000
__Hstringtext1                         stringtext1  00000
__Htext                                text         00000
__Labs1                                abs1         00000
__Lbank0                               bank0        00000
__Lbank1                               bank1        00000
__Lbank10                              bank10       00000
__Lbank11                              bank11       00000
__Lbank12                              bank12       00000
__Lbank13                              bank13       00000
__Lbank14                              bank14       00000
__Lbank15                              bank15       00000
__Lbank16                              bank16       00000
__Lbank17                              bank17       00000
__Lbank18                              bank18       00000
__Lbank19                              bank19       00000
__Lbank2                               bank2        00000
__Lbank20                              bank20       00000
__Lbank21                              bank21       00000
__Lbank22                              bank22       00000
__Lbank23                              bank23       00000
__Lbank24                              bank24       00000
__Lbank25                              bank25       00000
__Lbank26                              bank26       00000
__Lbank27                              bank27       00000
__Lbank28                              bank28       00000
__Lbank29                              bank29       00000
__Lbank3                               bank3        00000
__Lbank30                              bank30       00000
__Lbank31                              bank31       00000
__Lbank4                               bank4        00000
__Lbank5                               bank5        00000
__Lbank6                               bank6        00000
__Lbank7                               bank7        00000
__Lbank8                               bank8        00000
__Lbank9                               bank9        00000
__Lbigram                              bigram       00000
__LbssBANK0                            bssBANK0     00000
__LbssCOMMON                           bssCOMMON    00000
__Lcinit                               cinit        00031
__Lclrtext                             clrtext      00000
__Lcode                                code         00000
__Lcommon                              common       00000
__Lconfig                              config       08007
__LcstackBANK0                         cstackBANK0  00000
__LcstackCOMMON                        cstackCOMMON 00000
__Leeprom_data                         eeprom_data  00000
__Lend_init                            end_init     00030
__Lfunctab                             functab      00000
__Lidloc                               idloc        00000
__Linit                                init         00030
__Lintentry                            intentry     00004
__Lmaintext                            maintext     00000
__Lpowerup                             powerup      00000
__Lram                                 ram          00000
__Lreset_vec                           reset_vec    00000
__Lsfr0                                sfr0         00000
__Lsfr1                                sfr1         00000
__Lsfr10                               sfr10        00000
__Lsfr11                               sfr11        00000
__Lsfr12                               sfr12        00000
__Lsfr13                               sfr13        00000
__Lsfr14                               sfr14        00000
__Lsfr15                               sfr15        00000
__Lsfr16                               sfr16        00000
__Lsfr17                               sfr17        00000
__Lsfr18                               sfr18        00000
__Lsfr19                               sfr19        00000
__Lsfr2                                sfr2         00000
__Lsfr20                               sfr20        00000
__Lsfr21                               sfr21        00000
__Lsfr22                               sfr22        00000
__Lsfr23                               sfr23        00000
__Lsfr24                               sfr24        00000
__Lsfr25                               sfr25        00000
__Lsfr26                               sfr26        00000
__Lsfr27                               sfr27        00000
__Lsfr28                               sfr28        00000
__Lsfr29                               sfr29        00000
__Lsfr3                                sfr3         00000
__Lsfr30                               sfr30        00000
__Lsfr31                               sfr31        00000
__Lsfr4                                sfr4         00000
__Lsfr5                                sfr5         00000
__Lsfr6                                sfr6         00000
__Lsfr7                                sfr7         00000
__Lsfr8                                sfr8         00000
__Lsfr9                                sfr9         00000
__Lspace_0                             (abs)        00000
__Lspace_1                             (abs)        00000
__Lspace_2                             (abs)        00000
__Lspace_3                             (abs)        00000
__Lstack                               stack        00000
__Lstrings                             strings      00000
__Lstringtext1                         stringtext1  00000
__Ltext                                text         00000
__S0                                   (abs)        08009
__S1                                   (abs)        0007B
__S2                                   (abs)        00000
__S3                                   (abs)        00000
___int_sp                              stack        00000
___latbits                             (abs)        00000
___sp                                  stack        00000
__end_of_INTERRUPT_InterruptManager    intentry     00030
__end_of_OSCILLATOR_Initialize         text4        00203
__end_of_PIN_MANAGER_Initialize        text3        001BE
__end_of_SYSTEM_Initialize             text1        001C8
__end_of_WDT_Initialize                text2        00242
__end_of__initialization               cinit        0003D
__end_of_do_I2C_DO_ACK                 text15       0021B
__end_of_do_I2C_DO_ADDRESS_NACK        text12       0015E
__end_of_do_I2C_DO_NACK_RESTART        text13       0020F
__end_of_do_I2C_DO_NACK_STOP           text14       00215
__end_of_do_I2C_IDLE                   text23       00239
__end_of_do_I2C_RCEN                   text16       001F5
__end_of_do_I2C_RESET                  text24       001E4
__end_of_do_I2C_RX                     text10       000F3
__end_of_do_I2C_SEND_ADR_READ          text18       001D2
__end_of_do_I2C_SEND_ADR_WRITE         text17       001DB
__end_of_do_I2C_SEND_RESTART           text20       00227
__end_of_do_I2C_SEND_RESTART_READ      text22       00233
__end_of_do_I2C_SEND_RESTART_WRITE     text21       0022D
__end_of_do_I2C_SEND_STOP              text19       00221
__end_of_do_I2C_TX                     text11       0009F
__end_of_do_I2C_TX_EMPTY               text25       0012D
__end_of_fsmStateTable                 stringtext1  001A9
__end_of_i2c_ISR                       text8        00189
__end_of_i2c_busCollisionISR           text6        00246
__end_of_i2c_driver_TXData             text28       0023E
__end_of_i2c_driver_clearBusCollision  text7        00255
__end_of_i2c_driver_getRXData          text29       0024A
__end_of_i2c_driver_isNACK             text27       001ED
__end_of_i2c_driver_resetBus           text31       0026B
__end_of_i2c_driver_restart            text36       0026A
__end_of_i2c_driver_sendACK            text37       00252
__end_of_i2c_driver_sendNACK           text30       0024E
__end_of_i2c_driver_startRX            text32       0025E
__end_of_i2c_driver_stop               text35       00267
__end_of_main                          maintext     001FC
__end_of_mssp_clearIRQ                 text9        00258
__end_of_mssp_setIRQ                   text26       0025B
__end_of_returnReset                   text33       00261
__end_of_returnStop                    text34       00264
__initialization                       cinit        00031
__pbssBANK0                            bssBANK0     00020
__pbssCOMMON                           bssCOMMON    00077
__pcstackBANK0                         cstackBANK0  00000
__pcstackCOMMON                        cstackCOMMON 00070
__pintentry                            intentry     00004
__pmaintext                            maintext     001F5
__pstringtext1                         stringtext1  00189
__ptext1                               text1        001BE
__ptext10                              text10       0009F
__ptext11                              text11       00040
__ptext12                              text12       0012D
__ptext13                              text13       00209
__ptext14                              text14       0020F
__ptext15                              text15       00215
__ptext16                              text16       001ED
__ptext17                              text17       001D2
__ptext18                              text18       001C8
__ptext19                              text19       0021B
__ptext2                               text2        0023E
__ptext20                              text20       00221
__ptext21                              text21       00227
__ptext22                              text22       0022D
__ptext23                              text23       00233
__ptext24                              text24       001DB
__ptext25                              text25       000F3
__ptext26                              text26       00258
__ptext27                              text27       001E4
__ptext28                              text28       00239
__ptext29                              text29       00246
__ptext3                               text3        001A9
__ptext30                              text30       0024A
__ptext31                              text31       0026A
__ptext32                              text32       0025B
__ptext33                              text33       0025E
__ptext34                              text34       00261
__ptext35                              text35       00264
__ptext36                              text36       00267
__ptext37                              text37       0024E
__ptext4                               text4        001FC
__ptext6                               text6        00242
__ptext7                               text7        00252
__ptext8                               text8        0015E
__ptext9                               text9        00255
__size_of_INTERRUPT_InterruptManager   (abs)        00000
__size_of_OSCILLATOR_Initialize        (abs)        00000
__size_of_PIN_MANAGER_Initialize       (abs)        00000
__size_of_SYSTEM_Initialize            (abs)        00000
__size_of_WDT_Initialize               (abs)        00000
__size_of_do_I2C_DO_ACK                (abs)        00000
__size_of_do_I2C_DO_ADDRESS_NACK       (abs)        00000
__size_of_do_I2C_DO_NACK_RESTART       (abs)        00000
__size_of_do_I2C_DO_NACK_STOP          (abs)        00000
__size_of_do_I2C_IDLE                  (abs)        00000
__size_of_do_I2C_RCEN                  (abs)        00000
__size_of_do_I2C_RESET                 (abs)        00000
__size_of_do_I2C_RX                    (abs)        00000
__size_of_do_I2C_SEND_ADR_READ         (abs)        00000
__size_of_do_I2C_SEND_ADR_WRITE        (abs)        00000
__size_of_do_I2C_SEND_RESTART          (abs)        00000
__size_of_do_I2C_SEND_RESTART_READ     (abs)        00000
__size_of_do_I2C_SEND_RESTART_WRITE    (abs)        00000
__size_of_do_I2C_SEND_STOP             (abs)        00000
__size_of_do_I2C_TX                    (abs)        00000
__size_of_do_I2C_TX_EMPTY              (abs)        00000
__size_of_i2c_ISR                      (abs)        00000
__size_of_i2c_busCollisionISR          (abs)        00000
__size_of_i2c_driver_TXData            (abs)        00000
__size_of_i2c_driver_clearBusCollision (abs)        00000
__size_of_i2c_driver_getRXData         (abs)        00000
__size_of_i2c_driver_isNACK            (abs)        00000
__size_of_i2c_driver_resetBus          (abs)        00000
__size_of_i2c_driver_restart           (abs)        00000
__size_of_i2c_driver_sendACK           (abs)        00000
__size_of_i2c_driver_sendNACK          (abs)        00000
__size_of_i2c_driver_startRX           (abs)        00000
__size_of_i2c_driver_stop              (abs)        00000
__size_of_main                         (abs)        00000
__size_of_mssp_clearIRQ                (abs)        00000
__size_of_mssp_setIRQ                  (abs)        00000
__size_of_returnReset                  (abs)        00000
__size_of_returnStop                   (abs)        00000
_do_I2C_DO_ACK                         text15       00215
_do_I2C_DO_ADDRESS_NACK                text12       0012D
_do_I2C_DO_NACK_RESTART                text13       00209
_do_I2C_DO_NACK_STOP                   text14       0020F
_do_I2C_IDLE                           text23       00233
_do_I2C_RCEN                           text16       001ED
_do_I2C_RESET                          text24       001DB
_do_I2C_RX                             text10       0009F
_do_I2C_SEND_ADR_READ                  text18       001C8
_do_I2C_SEND_ADR_WRITE                 text17       001D2
_do_I2C_SEND_RESTART                   text20       00221
_do_I2C_SEND_RESTART_READ              text22       0022D
_do_I2C_SEND_RESTART_WRITE             text21       00227
_do_I2C_SEND_STOP                      text19       0021B
_do_I2C_TX                             text11       00040
_do_I2C_TX_EMPTY                       text25       000F3
_fsmStateTable                         stringtext1  00189
_i2c_ISR                               text8        0015E
_i2c_busCollisionISR                   text6        00242
_i2c_driver_TXData                     text28       00239
_i2c_driver_busCollisionISR            bssCOMMON    00079
_i2c_driver_clearBusCollision          text7        00252
_i2c_driver_getRXData                  text29       00246
_i2c_driver_i2cISR                     bssCOMMON    00077
_i2c_driver_isNACK                     text27       001E4
_i2c_driver_resetBus                   text31       0026A
_i2c_driver_restart                    text36       00267
_i2c_driver_sendACK                    text37       0024E
_i2c_driver_sendNACK                   text30       0024A
_i2c_driver_startRX                    text32       0025B
_i2c_driver_stop                       text35       00264
_i2c_status                            bssBANK0     00020
_main                                  maintext     001F5
_mssp_clearIRQ                         text9        00255
_mssp_setIRQ                           text26       00258
_returnReset                           text33       0025E
_returnStop                            text34       00261
btemp                                  (abs)        0007E
clear_ram0                             clrtext      00203
end_of_initialization                  cinit        0003D
i2c_driver_TXData@d                    cstackCOMMON 00070
int$flags                              (abs)        0007E
intlevel0                              functab      00000
intlevel1                              functab      00000
intlevel2                              functab      00000
intlevel3                              functab      00000
intlevel4                              functab      00000
intlevel5                              functab      00000
reset_vec                              reset_vec    00000
returnReset@p                          cstackCOMMON 00070
stackhi                                (abs)        0206F
stacklo                                (abs)        0201D
start                                  init         00030
start_initialization                   cinit        00031
wtemp0                                 (abs)        0007E


FUNCTION INFORMATION:

 *************** function _main *****************
 Defined at:
		line 49 in file "main.c"
 Parameters:    Size  Location     Type
		None
 Auto vars:     Size  Location     Type
		None
 Return value:  Size  Location     Type
                  1    wreg      void 
 Registers used:
		wreg, status,2, status,0, pclath, cstack
 Tracked objects:
		On entry : 
		On exit  : 
		Unchanged: 
 Data sizes:     COMMON   BANK0   BANK1
      Params:         0       0       0
      Locals:         0       0       0
      Temps:          0       0       0
      Totals:         0       0       0
Total ram usage:        0 bytes
 Hardware stack levels required when called:    7
 This function calls:
		_SYSTEM_Initialize
 This function is called by:
		Startup code after reset
 This function uses a non-reentrant model


 *************** function _SYSTEM_Initialize *****************
 Defined at:
		line 50 in file "mcc_generated_files/mcc.c"
 Parameters:    Size  Location     Type
		None
 Auto vars:     Size  Location     Type
		None
 Return value:  Size  Location     Type
                  1    wreg      void 
 Registers used:
		wreg, status,2, status,0, pclath, cstack
 Tracked objects:
		On entry : 
		On exit  : 
		Unchanged: 
 Data sizes:     COMMON   BANK0   BANK1
      Params:         0       0       0
      Locals:         0       0       0
      Temps:          0       0       0
      Totals:         0       0       0
Total ram usage:        0 bytes
 Hardware stack levels used:    1
 Hardware stack levels required when called:    6
 This function calls:
		_OSCILLATOR_Initialize
		_PIN_MANAGER_Initialize
		_WDT_Initialize
 This function is called by:
		_main
 This function uses a non-reentrant model


 *************** function _WDT_Initialize *****************
 Defined at:
		line 68 in file "mcc_generated_files/mcc.c"
 Parameters:    Size  Location     Type
		None
 Auto vars:     Size  Location     Type
		None
 Return value:  Size  Location     Type
                  1    wreg      void 
 Registers used:
		wreg
 Tracked objects:
		On entry : 
		On exit  : 
		Unchanged: 
 Data sizes:     COMMON   BANK0   BANK1
      Params:         0       0       0
      Locals:         0       0       0
      Temps:          0       0       0
      Totals:         0       0       0
Total ram usage:        0 bytes
 Hardware stack levels used:    1
 Hardware stack levels required when called:    5
 This function calls:
		Nothing
 This function is called by:
		_SYSTEM_Initialize
 This function uses a non-reentrant model


 *************** function _PIN_MANAGER_Initialize *****************
 Defined at:
		line 57 in file "mcc_generated_files/pin_manager.c"
 Parameters:    Size  Location     Type
		None
 Auto vars:     Size  Location     Type
		None
 Return value:  Size  Location     Type
                  1    wreg      void 
 Registers used:
		wreg, status,2
 Tracked objects:
		On entry : 
		On exit  : 
		Unchanged: 
 Data sizes:     COMMON   BANK0   BANK1
      Params:         0       0       0
      Locals:         0       0       0
      Temps:          0       0       0
      Totals:         0       0       0
Total ram usage:        0 bytes
 Hardware stack levels used:    1
 Hardware stack levels required when called:    5
 This function calls:
		Nothing
 This function is called by:
		_SYSTEM_Initialize
 This function uses a non-reentrant model


 *************** function _OSCILLATOR_Initialize *****************
 Defined at:
		line 58 in file "mcc_generated_files/mcc.c"
 Parameters:    Size  Location     Type
		None
 Auto vars:     Size  Location     Type
		None
 Return value:  Size  Location     Type
                  1    wreg      void 
 Registers used:
		wreg, status,2
 Tracked objects:
		On entry : 
		On exit  : 
		Unchanged: 
 Data sizes:     COMMON   BANK0   BANK1
      Params:         0       0       0
      Locals:         0       0       0
      Temps:          0       0       0
      Totals:         0       0       0
Total ram usage:        0 bytes
 Hardware stack levels used:    1
 Hardware stack levels required when called:    5
 This function calls:
		Nothing
 This function is called by:
		_SYSTEM_Initialize
 This function uses a non-reentrant model


 *************** function _INTERRUPT_InterruptManager *****************
 Defined at:
		line 52 in file "mcc_generated_files/interrupt_manager.c"
 Parameters:    Size  Location     Type
		None
 Auto vars:     Size  Location     Type
		None
 Return value:  Size  Location     Type
                  1    wreg      void 
 Registers used:
		wreg, fsr0l, fsr0h, fsr1l, fsr1h, status,2, status,0, pclath, cstack
 Tracked objects:
		On entry : 
		On exit  : 
		Unchanged: 
 Data sizes:     COMMON   BANK0   BANK1
      Params:         0       0       0
      Locals:         0       0       0
      Temps:          0       0       0
      Totals:         0       0       0
Total ram usage:        0 bytes
 Hardware stack levels used:    1
 Hardware stack levels required when called:    4
 This function calls:
		Absolute function
		_i2c_ISR
		_i2c_busCollisionISR
 This function is called by:
		Interrupt level 1
 This function uses a non-reentrant model


 *************** function _i2c_busCollisionISR *****************
 Defined at:
		line 435 in file "mcc_generated_files/drivers/i2c_master.c"
 Parameters:    Size  Location     Type
		None
 Auto vars:     Size  Location     Type
		None
 Return value:  Size  Location     Type
                  1    wreg      void 
 Registers used:
		status,2, status,0, pclath, cstack
 Tracked objects:
		On entry : 
		On exit  : 
		Unchanged: 
 Data sizes:     COMMON   BANK0   BANK1
      Params:         0       0       0
      Locals:         0       0       0
      Temps:          0       0       0
      Totals:         0       0       0
Total ram usage:        0 bytes
 Hardware stack levels used:    1
 Hardware stack levels required when called:    1
 This function calls:
		_i2c_driver_clearBusCollision
 This function is called by:
		_i2c_open
		_INTERRUPT_InterruptManager
 This function uses a non-reentrant model


 *************** function _i2c_driver_clearBusCollision *****************
 Defined at:
		line 253 in file "mcc_generated_files/i2c_driver.c"
 Parameters:    Size  Location     Type
		None
 Auto vars:     Size  Location     Type
		None
 Return value:  Size  Location     Type
                  1    wreg      void 
 Registers used:
		None
 Tracked objects:
		On entry : 
		On exit  : 
		Unchanged: 
 Data sizes:     COMMON   BANK0   BANK1
      Params:         0       0       0
      Locals:         0       0       0
      Temps:          0       0       0
      Totals:         0       0       0
Total ram usage:        0 bytes
 Hardware stack levels used:    1
 This function calls:
		Nothing
 This function is called by:
		_i2c_busCollisionISR
 This function uses a non-reentrant model


 *************** function _i2c_ISR *****************
 Defined at:
		line 419 in file "mcc_generated_files/drivers/i2c_master.c"
 Parameters:    Size  Location     Type
		None
 Auto vars:     Size  Location     Type
		None
 Return value:  Size  Location     Type
                  1    wreg      void 
 Registers used:
		wreg, fsr0l, fsr0h, fsr1l, fsr1h, status,2, status,0, pclath, cstack
 Tracked objects:
		On entry : 
		On exit  : 
		Unchanged: 
 Data sizes:     COMMON   BANK0   BANK1
      Params:         0       0       0
      Locals:         0       0       0
      Temps:          3       0       0
      Totals:         3       0       0
Total ram usage:        3 bytes
 Hardware stack levels used:    1
 Hardware stack levels required when called:    3
 This function calls:
		_do_I2C_DO_ACK
		_do_I2C_DO_ADDRESS_NACK
		_do_I2C_DO_NACK_RESTART
		_do_I2C_DO_NACK_STOP
		_do_I2C_IDLE
		_do_I2C_RCEN
		_do_I2C_RESET
		_do_I2C_RX
		_do_I2C_SEND_ADR_READ
		_do_I2C_SEND_ADR_WRITE
		_do_I2C_SEND_RESTART
		_do_I2C_SEND_RESTART_READ
		_do_I2C_SEND_RESTART_WRITE
		_do_I2C_SEND_STOP
		_do_I2C_TX
		_do_I2C_TX_EMPTY
		_i2c_driver_isNACK
		_mssp_clearIRQ
 This function is called by:
		_i2c_open
		_i2c_poller
		_INTERRUPT_InterruptManager
 This function uses a non-reentrant model


 *************** function _mssp_clearIRQ *****************
 Defined at:
		line 53 in file "mcc_generated_files/i2c_driver.c"
 Parameters:    Size  Location     Type
		None
 Auto vars:     Size  Location     Type
		None
 Return value:  Size  Location     Type
                  1    wreg      void 
 Registers used:
		None
 Tracked objects:
		On entry : 
		On exit  : 
		Unchanged: 
 Data sizes:     COMMON   BANK0   BANK1
      Params:         0       0       0
      Locals:         0       0       0
      Temps:          0       0       0
      Totals:         0       0       0
Total ram usage:        0 bytes
 Hardware stack levels used:    1
 This function calls:
		Nothing
 This function is called by:
		_i2c_ISR
		_i2c_open
		_i2c_close
 This function uses a non-reentrant model


 *************** function _do_I2C_RX *****************
 Defined at:
		line 357 in file "mcc_generated_files/drivers/i2c_master.c"
 Parameters:    Size  Location     Type
		None
 Auto vars:     Size  Location     Type
		None
 Return value:  Size  Location     Type
                  1    wreg      enum E2629
 Registers used:
		wreg, fsr0l, fsr0h, fsr1l, fsr1h, status,2, status,0, pclath, cstack
 Tracked objects:
		On entry : 
		On exit  : 
		Unchanged: 
 Data sizes:     COMMON   BANK0   BANK1
      Params:         0       0       0
      Locals:         0       0       0
      Temps:          3       0       0
      Totals:         3       0       0
Total ram usage:        3 bytes
 Hardware stack levels used:    1
 Hardware stack levels required when called:    2
 This function calls:
		_do_I2C_DO_NACK_RESTART
		_do_I2C_DO_NACK_STOP
		_i2c_driver_getRXData
		_i2c_driver_sendACK
		_returnReset
		_returnStop
 This function is called by:
		_i2c_ISR
 This function uses a non-reentrant model


 *************** function _do_I2C_TX *****************
 Defined at:
		line 333 in file "mcc_generated_files/drivers/i2c_master.c"
 Parameters:    Size  Location     Type
		None
 Auto vars:     Size  Location     Type
		None
 Return value:  Size  Location     Type
                  1    wreg      enum E2629
 Registers used:
		wreg, fsr0l, fsr0h, fsr1l, fsr1h, status,2, status,0, pclath, cstack
 Tracked objects:
		On entry : 
		On exit  : 
		Unchanged: 
 Data sizes:     COMMON   BANK0   BANK1
      Params:         0       0       0
      Locals:         0       0       0
      Temps:          3       0       0
      Totals:         3       0       0
Total ram usage:        3 bytes
 Hardware stack levels used:    1
 Hardware stack levels required when called:    2
 This function calls:
		_do_I2C_SEND_RESTART_READ
		_do_I2C_SEND_RESTART_WRITE
		_do_I2C_SEND_STOP
		_i2c_driver_TXData
		_i2c_driver_isNACK
		_returnReset
		_returnStop
 This function is called by:
		_i2c_ISR
 This function uses a non-reentrant model


 *************** function _do_I2C_DO_ADDRESS_NACK *****************
 Defined at:
		line 319 in file "mcc_generated_files/drivers/i2c_master.c"
 Parameters:    Size  Location     Type
		None
 Auto vars:     Size  Location     Type
		None
 Return value:  Size  Location     Type
                  1    wreg      enum E2629
 Registers used:
		wreg, fsr0l, fsr0h, fsr1l, fsr1h, status,2, status,0, pclath, cstack
 Tracked objects:
		On entry : 
		On exit  : 
		Unchanged: 
 Data sizes:     COMMON   BANK0   BANK1
      Params:         0       0       0
      Locals:         0       0       0
      Temps:          3       0       0
      Totals:         3       0       0
Total ram usage:        3 bytes
 Hardware stack levels used:    1
 Hardware stack levels required when called:    2
 This function calls:
		_do_I2C_SEND_RESTART
		_do_I2C_SEND_STOP
		_returnReset
		_returnStop
 This function is called by:
		_i2c_ISR
 This function uses a non-reentrant model


 *************** function _do_I2C_DO_NACK_RESTART *****************
 Defined at:
		line 311 in file "mcc_generated_files/drivers/i2c_master.c"
 Parameters:    Size  Location     Type
		None
 Auto vars:     Size  Location     Type
		None
 Return value:  Size  Location     Type
                  1    wreg      enum E2629
 Registers used:
		wreg, status,2, status,0, pclath, cstack
 Tracked objects:
		On entry : 
		On exit  : 
		Unchanged: 
 Data sizes:     COMMON   BANK0   BANK1
      Params:         0       0       0
      Locals:         0       0       0
      Temps:          0       0       0
      Totals:         0       0       0
Total ram usage:        0 bytes
 Hardware stack levels used:    1
 Hardware stack levels required when called:    1
 This function calls:
		_i2c_driver_sendNACK
 This function is called by:
		_do_I2C_RX
		_i2c_ISR
 This function uses a non-reentrant model


 *************** function _do_I2C_DO_NACK_STOP *****************
 Defined at:
		line 305 in file "mcc_generated_files/drivers/i2c_master.c"
 Parameters:    Size  Location     Type
		None
 Auto vars:     Size  Location     Type
		None
 Return value:  Size  Location     Type
                  1    wreg      enum E2629
 Registers used:
		wreg, status,2, status,0, pclath, cstack
 Tracked objects:
		On entry : 
		On exit  : 
		Unchanged: 
 Data sizes:     COMMON   BANK0   BANK1
      Params:         0       0       0
      Locals:         0       0       0
      Temps:          0       0       0
      Totals:         0       0       0
Total ram usage:        0 bytes
 Hardware stack levels used:    1
 Hardware stack levels required when called:    1
 This function calls:
		_i2c_driver_sendNACK
 This function is called by:
		_do_I2C_RX
		_i2c_ISR
 This function uses a non-reentrant model


 *************** function _do_I2C_DO_ACK *****************
 Defined at:
		line 299 in file "mcc_generated_files/drivers/i2c_master.c"
 Parameters:    Size  Location     Type
		None
 Auto vars:     Size  Location     Type
		None
 Return value:  Size  Location     Type
                  1    wreg      enum E2629
 Registers used:
		wreg, status,2, status,0, pclath, cstack
 Tracked objects:
		On entry : 
		On exit  : 
		Unchanged: 
 Data sizes:     COMMON   BANK0   BANK1
      Params:         0       0       0
      Locals:         0       0       0
      Temps:          0       0       0
      Totals:         0       0       0
Total ram usage:        0 bytes
 Hardware stack levels used:    1
 Hardware stack levels required when called:    1
 This function calls:
		_i2c_driver_sendACK
 This function is called by:
		_i2c_ISR
 This function uses a non-reentrant model


 *************** function _do_I2C_RCEN *****************
 Defined at:
		line 292 in file "mcc_generated_files/drivers/i2c_master.c"
 Parameters:    Size  Location     Type
		None
 Auto vars:     Size  Location     Type
		None
 Return value:  Size  Location     Type
                  1    wreg      enum E2629
 Registers used:
		wreg, status,2, status,0, pclath, cstack
 Tracked objects:
		On entry : 
		On exit  : 
		Unchanged: 
 Data sizes:     COMMON   BANK0   BANK1
      Params:         0       0       0
      Locals:         0       0       0
      Temps:          0       0       0
      Totals:         0       0       0
Total ram usage:        0 bytes
 Hardware stack levels used:    1
 Hardware stack levels required when called:    1
 This function calls:
		_i2c_driver_startRX
 This function is called by:
		_i2c_ISR
 This function uses a non-reentrant model


 *************** function _do_I2C_SEND_ADR_WRITE *****************
 Defined at:
		line 285 in file "mcc_generated_files/drivers/i2c_master.c"
 Parameters:    Size  Location     Type
		None
 Auto vars:     Size  Location     Type
		None
 Return value:  Size  Location     Type
                  1    wreg      enum E2629
 Registers used:
		wreg, status,2, status,0, pclath, cstack
 Tracked objects:
		On entry : 
		On exit  : 
		Unchanged: 
 Data sizes:     COMMON   BANK0   BANK1
      Params:         0       0       0
      Locals:         0       0       0
      Temps:          0       0       0
      Totals:         0       0       0
Total ram usage:        0 bytes
 Hardware stack levels used:    1
 Hardware stack levels required when called:    1
 This function calls:
		_i2c_driver_TXData
 This function is called by:
		_i2c_ISR
 This function uses a non-reentrant model


 *************** function _do_I2C_SEND_ADR_READ *****************
 Defined at:
		line 278 in file "mcc_generated_files/drivers/i2c_master.c"
 Parameters:    Size  Location     Type
		None
 Auto vars:     Size  Location     Type
		None
 Return value:  Size  Location     Type
                  1    wreg      enum E2629
 Registers used:
		wreg, status,2, status,0, pclath, cstack
 Tracked objects:
		On entry : 
		On exit  : 
		Unchanged: 
 Data sizes:     COMMON   BANK0   BANK1
      Params:         0       0       0
      Locals:         0       0       0
      Temps:          0       0       0
      Totals:         0       0       0
Total ram usage:        0 bytes
 Hardware stack levels used:    1
 Hardware stack levels required when called:    1
 This function calls:
		_i2c_driver_TXData
 This function is called by:
		_i2c_ISR
 This function uses a non-reentrant model


 *************** function _do_I2C_SEND_STOP *****************
 Defined at:
		line 272 in file "mcc_generated_files/drivers/i2c_master.c"
 Parameters:    Size  Location     Type
		None
 Auto vars:     Size  Location     Type
		None
 Return value:  Size  Location     Type
                  1    wreg      enum E2629
 Registers used:
		wreg, status,2, status,0, pclath, cstack
 Tracked objects:
		On entry : 
		On exit  : 
		Unchanged: 
 Data sizes:     COMMON   BANK0   BANK1
      Params:         0       0       0
      Locals:         0       0       0
      Temps:          0       0       0
      Totals:         0       0       0
Total ram usage:        0 bytes
 Hardware stack levels used:    1
 Hardware stack levels required when called:    1
 This function calls:
		_i2c_driver_stop
 This function is called by:
		_do_I2C_DO_ADDRESS_NACK
		_do_I2C_TX
		_do_I2C_TX_EMPTY
		_i2c_ISR
 This function uses a non-reentrant model


 *************** function _do_I2C_SEND_RESTART *****************
 Defined at:
		line 266 in file "mcc_generated_files/drivers/i2c_master.c"
 Parameters:    Size  Location     Type
		None
 Auto vars:     Size  Location     Type
		None
 Return value:  Size  Location     Type
                  1    wreg      enum E2629
 Registers used:
		wreg, status,2, status,0, pclath, cstack
 Tracked objects:
		On entry : 
		On exit  : 
		Unchanged: 
 Data sizes:     COMMON   BANK0   BANK1
      Params:         0       0       0
      Locals:         0       0       0
      Temps:          0       0       0
      Totals:         0       0       0
Total ram usage:        0 bytes
 Hardware stack levels used:    1
 Hardware stack levels required when called:    1
 This function calls:
		_i2c_driver_restart
 This function is called by:
		_do_I2C_DO_ADDRESS_NACK
		_do_I2C_TX_EMPTY
		_i2c_ISR
 This function uses a non-reentrant model


 *************** function _do_I2C_SEND_RESTART_WRITE *****************
 Defined at:
		line 260 in file "mcc_generated_files/drivers/i2c_master.c"
 Parameters:    Size  Location     Type
		None
 Auto vars:     Size  Location     Type
		None
 Return value:  Size  Location     Type
                  1    wreg      enum E2629
 Registers used:
		wreg, status,2, status,0, pclath, cstack
 Tracked objects:
		On entry : 
		On exit  : 
		Unchanged: 
 Data sizes:     COMMON   BANK0   BANK1
      Params:         0       0       0
      Locals:         0       0       0
      Temps:          0       0       0
      Totals:         0       0       0
Total ram usage:        0 bytes
 Hardware stack levels used:    1
 Hardware stack levels required when called:    1
 This function calls:
		_i2c_driver_restart
 This function is called by:
		_do_I2C_TX
		_i2c_ISR
 This function uses a non-reentrant model


 *************** function _do_I2C_SEND_RESTART_READ *****************
 Defined at:
		line 254 in file "mcc_generated_files/drivers/i2c_master.c"
 Parameters:    Size  Location     Type
		None
 Auto vars:     Size  Location     Type
		None
 Return value:  Size  Location     Type
                  1    wreg      enum E2629
 Registers used:
		wreg, status,2, status,0, pclath, cstack
 Tracked objects:
		On entry : 
		On exit  : 
		Unchanged: 
 Data sizes:     COMMON   BANK0   BANK1
      Params:         0       0       0
      Locals:         0       0       0
      Temps:          0       0       0
      Totals:         0       0       0
Total ram usage:        0 bytes
 Hardware stack levels used:    1
 Hardware stack levels required when called:    1
 This function calls:
		_i2c_driver_restart
 This function is called by:
		_do_I2C_TX
		_i2c_ISR
 This function uses a non-reentrant model


 *************** function _do_I2C_IDLE *****************
 Defined at:
		line 247 in file "mcc_generated_files/drivers/i2c_master.c"
 Parameters:    Size  Location     Type
		None
 Auto vars:     Size  Location     Type
		None
 Return value:  Size  Location     Type
                  1    wreg      enum E2629
 Registers used:
		wreg, status,2
 Tracked objects:
		On entry : 
		On exit  : 
		Unchanged: 
 Data sizes:     COMMON   BANK0   BANK1
      Params:         0       0       0
      Locals:         0       0       0
      Temps:          0       0       0
      Totals:         0       0       0
Total ram usage:        0 bytes
 Hardware stack levels used:    1
 This function calls:
		Nothing
 This function is called by:
		_i2c_ISR
 This function uses a non-reentrant model


 *************** function _do_I2C_RESET *****************
 Defined at:
		line 239 in file "mcc_generated_files/drivers/i2c_master.c"
 Parameters:    Size  Location     Type
		None
 Auto vars:     Size  Location     Type
		None
 Return value:  Size  Location     Type
                  1    wreg      enum E2629
 Registers used:
		wreg, status,2, status,0, pclath, cstack
 Tracked objects:
		On entry : 
		On exit  : 
		Unchanged: 
 Data sizes:     COMMON   BANK0   BANK1
      Params:         0       0       0
      Locals:         0       0       0
      Temps:          0       0       0
      Totals:         0       0       0
Total ram usage:        0 bytes
 Hardware stack levels used:    1
 Hardware stack levels required when called:    1
 This function calls:
		_i2c_driver_resetBus
 This function is called by:
		_i2c_ISR
 This function uses a non-reentrant model


 *************** function _do_I2C_TX_EMPTY *****************
 Defined at:
		line 382 in file "mcc_generated_files/drivers/i2c_master.c"
 Parameters:    Size  Location     Type
		None
 Auto vars:     Size  Location     Type
		None
 Return value:  Size  Location     Type
                  1    wreg      enum E2629
 Registers used:
		wreg, fsr0l, fsr0h, fsr1l, fsr1h, status,2, status,0, pclath, cstack
 Tracked objects:
		On entry : 
		On exit  : 
		Unchanged: 
 Data sizes:     COMMON   BANK0   BANK1
      Params:         0       0       0
      Locals:         0       0       0
      Temps:          3       0       0
      Totals:         3       0       0
Total ram usage:        3 bytes
 Hardware stack levels used:    1
 Hardware stack levels required when called:    2
 This function calls:
		_do_I2C_SEND_RESTART
		_do_I2C_SEND_STOP
		_mssp_setIRQ
		_returnReset
		_returnStop
 This function is called by:
		_i2c_ISR
 This function uses a non-reentrant model


 *************** function _mssp_setIRQ *****************
 Defined at:
		line 58 in file "mcc_generated_files/i2c_driver.c"
 Parameters:    Size  Location     Type
		None
 Auto vars:     Size  Location     Type
		None
 Return value:  Size  Location     Type
                  1    wreg      void 
 Registers used:
		None
 Tracked objects:
		On entry : 
		On exit  : 
		Unchanged: 
 Data sizes:     COMMON   BANK0   BANK1
      Params:         0       0       0
      Locals:         0       0       0
      Temps:          0       0       0
      Totals:         0       0       0
Total ram usage:        0 bytes
 Hardware stack levels used:    1
 This function calls:
		Nothing
 This function is called by:
		_do_I2C_TX_EMPTY
 This function uses a non-reentrant model


 *************** function _i2c_driver_isNACK *****************
 Defined at:
		line 161 in file "mcc_generated_files/i2c_driver.c"
 Parameters:    Size  Location     Type
		None
 Auto vars:     Size  Location     Type
		None
 Return value:  Size  Location     Type
		None               void
 Registers used:
		wreg, status,2, status,0
 Tracked objects:
		On entry : 
		On exit  : 
		Unchanged: 
 Data sizes:     COMMON   BANK0   BANK1
      Params:         0       0       0
      Locals:         0       0       0
      Temps:          1       0       0
      Totals:         1       0       0
Total ram usage:        1 bytes
 Hardware stack levels used:    1
 This function calls:
		Nothing
 This function is called by:
		_do_I2C_TX
		_i2c_ISR
 This function uses a non-reentrant model


 *************** function _i2c_driver_TXData *****************
 Defined at:
		line 186 in file "mcc_generated_files/i2c_driver.c"
 Parameters:    Size  Location     Type
  d               1    wreg     unsigned char 
 Auto vars:     Size  Location     Type
  d               1    0[COMMON] unsigned char 
 Return value:  Size  Location     Type
                  1    wreg      void 
 Registers used:
		wreg
 Tracked objects:
		On entry : 
		On exit  : 
		Unchanged: 
 Data sizes:     COMMON   BANK0   BANK1
      Params:         0       0       0
      Locals:         1       0       0
      Temps:          0       0       0
      Totals:         1       0       0
Total ram usage:        1 bytes
 Hardware stack levels used:    1
 This function calls:
		Nothing
 This function is called by:
		_do_I2C_SEND_ADR_READ
		_do_I2C_SEND_ADR_WRITE
		_do_I2C_TX
 This function uses a non-reentrant model


 *************** function _i2c_driver_getRXData *****************
 Defined at:
		line 171 in file "mcc_generated_files/i2c_driver.c"
 Parameters:    Size  Location     Type
		None
 Auto vars:     Size  Location     Type
		None
 Return value:  Size  Location     Type
                  1    wreg      unsigned char 
 Registers used:
		wreg
 Tracked objects:
		On entry : 
		On exit  : 
		Unchanged: 
 Data sizes:     COMMON   BANK0   BANK1
      Params:         0       0       0
      Locals:         0       0       0
      Temps:          0       0       0
      Totals:         0       0       0
Total ram usage:        0 bytes
 Hardware stack levels used:    1
 This function calls:
		Nothing
 This function is called by:
		_do_I2C_RX
 This function uses a non-reentrant model


 *************** function _i2c_driver_sendNACK *****************
 Defined at:
		line 202 in file "mcc_generated_files/i2c_driver.c"
 Parameters:    Size  Location     Type
		None
 Auto vars:     Size  Location     Type
		None
 Return value:  Size  Location     Type
                  1    wreg      void 
 Registers used:
		None
 Tracked objects:
		On entry : 
		On exit  : 
		Unchanged: 
 Data sizes:     COMMON   BANK0   BANK1
      Params:         0       0       0
      Locals:         0       0       0
      Temps:          0       0       0
      Totals:         0       0       0
Total ram usage:        0 bytes
 Hardware stack levels used:    1
 This function calls:
		Nothing
 This function is called by:
		_do_I2C_DO_NACK_STOP
		_do_I2C_DO_NACK_RESTART
 This function uses a non-reentrant model


 *************** function _i2c_driver_resetBus *****************
 Defined at:
		line 141 in file "mcc_generated_files/i2c_driver.c"
 Parameters:    Size  Location     Type
		None
 Auto vars:     Size  Location     Type
		None
 Return value:  Size  Location     Type
                  1    wreg      void 
 Registers used:
		None
 Tracked objects:
		On entry : 
		On exit  : 
		Unchanged: 
 Data sizes:     COMMON   BANK0   BANK1
      Params:         0       0       0
      Locals:         0       0       0
      Temps:          0       0       0
      Totals:         0       0       0
Total ram usage:        0 bytes
 Hardware stack levels used:    1
 This function calls:
		Nothing
 This function is called by:
		_do_I2C_RESET
 This function uses a non-reentrant model


 *************** function _i2c_driver_startRX *****************
 Defined at:
		line 166 in file "mcc_generated_files/i2c_driver.c"
 Parameters:    Size  Location     Type
		None
 Auto vars:     Size  Location     Type
		None
 Return value:  Size  Location     Type
                  1    wreg      void 
 Registers used:
		None
 Tracked objects:
		On entry : 
		On exit  : 
		Unchanged: 
 Data sizes:     COMMON   BANK0   BANK1
      Params:         0       0       0
      Locals:         0       0       0
      Temps:          0       0       0
      Totals:         0       0       0
Total ram usage:        0 bytes
 Hardware stack levels used:    1
 This function calls:
		Nothing
 This function is called by:
		_do_I2C_RCEN
 This function uses a non-reentrant model


 *************** function _returnReset *****************
 Defined at:
		line 448 in file "mcc_generated_files/drivers/i2c_master.c"
 Parameters:    Size  Location     Type
  p               1    0[COMMON] PTR void 
		 -> NULL(0), 
 Auto vars:     Size  Location     Type
		None
 Return value:  Size  Location     Type
                  1    wreg      enum E2475
 Registers used:
		wreg
 Tracked objects:
		On entry : 
		On exit  : 
		Unchanged: 
 Data sizes:     COMMON   BANK0   BANK1
      Params:         1       0       0
      Locals:         0       0       0
      Temps:          0       0       0
      Totals:         1       0       0
Total ram usage:        1 bytes
 Hardware stack levels used:    1
 This function calls:
		Nothing
 This function is called by:
		_i2c_open
		_do_I2C_DO_ADDRESS_NACK
		_do_I2C_TX
		_do_I2C_RX
		_do_I2C_TX_EMPTY
 This function uses a non-reentrant model


 *************** function _returnStop *****************
 Defined at:
		line 443 in file "mcc_generated_files/drivers/i2c_master.c"
 Parameters:    Size  Location     Type
  p               1    0[COMMON] PTR void 
		 -> NULL(0), 
 Auto vars:     Size  Location     Type
		None
 Return value:  Size  Location     Type
                  1    wreg      enum E2475
 Registers used:
		wreg
 Tracked objects:
		On entry : 
		On exit  : 
		Unchanged: 
 Data sizes:     COMMON   BANK0   BANK1
      Params:         1       0       0
      Locals:         0       0       0
      Temps:          0       0       0
      Totals:         1       0       0
Total ram usage:        1 bytes
 Hardware stack levels used:    1
 This function calls:
		Nothing
 This function is called by:
		_i2c_open
		_setCallBack
		_do_I2C_DO_ADDRESS_NACK
		_do_I2C_TX
		_do_I2C_RX
		_do_I2C_TX_EMPTY
 This function uses a non-reentrant model


 *************** function _i2c_driver_stop *****************
 Defined at:
		line 156 in file "mcc_generated_files/i2c_driver.c"
 Parameters:    Size  Location     Type
		None
 Auto vars:     Size  Location     Type
		None
 Return value:  Size  Location     Type
                  1    wreg      void 
 Registers used:
		None
 Tracked objects:
		On entry : 
		On exit  : 
		Unchanged: 
 Data sizes:     COMMON   BANK0   BANK1
      Params:         0       0       0
      Locals:         0       0       0
      Temps:          0       0       0
      Totals:         0       0       0
Total ram usage:        0 bytes
 Hardware stack levels used:    1
 This function calls:
		Nothing
 This function is called by:
		_do_I2C_SEND_STOP
 This function uses a non-reentrant model


 *************** function _i2c_driver_restart *****************
 Defined at:
		line 151 in file "mcc_generated_files/i2c_driver.c"
 Parameters:    Size  Location     Type
		None
 Auto vars:     Size  Location     Type
		None
 Return value:  Size  Location     Type
                  1    wreg      void 
 Registers used:
		None
 Tracked objects:
		On entry : 
		On exit  : 
		Unchanged: 
 Data sizes:     COMMON   BANK0   BANK1
      Params:         0       0       0
      Locals:         0       0       0
      Temps:          0       0       0
      Totals:         0       0       0
Total ram usage:        0 bytes
 Hardware stack levels used:    1
 This function calls:
		Nothing
 This function is called by:
		_do_I2C_SEND_RESTART_READ
		_do_I2C_SEND_RESTART_WRITE
		_do_I2C_SEND_RESTART
 This function uses a non-reentrant model


 *************** function _i2c_driver_sendACK *****************
 Defined at:
		line 196 in file "mcc_generated_files/i2c_driver.c"
 Parameters:    Size  Location     Type
		None
 Auto vars:     Size  Location     Type
		None
 Return value:  Size  Location     Type
                  1    wreg      void 
 Registers used:
		None
 Tracked objects:
		On entry : 
		On exit  : 
		Unchanged: 
 Data sizes:     COMMON   BANK0   BANK1
      Params:         0       0       0
      Locals:         0       0       0
      Temps:          0       0       0
      Totals:         0       0       0
Total ram usage:        0 bytes
 Hardware stack levels used:    1
 This function calls:
		Nothing
 This function is called by:
		_do_I2C_DO_ACK
		_do_I2C_RX
 This function uses a non-reentrant model



MODULE INFORMATION

Module		Function		Class		Link	Load	Size
mcc_generated_files/interrupt_manager.c
		_INTERRUPT_InterruptManager		CODE           	0004	0000	45

mcc_generated_files/interrupt_manager.c estimated size: 45

mcc_generated_files/pin_manager.c
		_PIN_MANAGER_Initialize		CODE           	01A9	0000	22

mcc_generated_files/pin_manager.c estimated size: 22

mcc_generated_files/i2c_driver.c
		_i2c_driver_clearBusCollision		CODE           	0252	0000	4
		_mssp_clearIRQ 		CODE           	0255	0000	4
		_i2c_driver_restart		CODE           	0267	0000	4
		_i2c_driver_startRX		CODE           	025B	0000	4
		_i2c_driver_getRXData		CODE           	0246	0000	5
		_i2c_driver_TXData		CODE           	0239	0000	6
		_i2c_driver_sendACK		CODE           	024E	0000	5
		_i2c_driver_sendNACK		CODE           	024A	0000	5
		_mssp_setIRQ   		CODE           	0258	0000	4
		_i2c_driver_resetBus		CODE           	026A	0000	2
		_i2c_driver_isNACK		CODE           	01E4	0000	10
		_i2c_driver_stop		CODE           	0264	0000	4

mcc_generated_files/i2c_driver.c estimated size: 57

shared
		__initialization		CODE           	0031	0000	13
		_fsmStateTable 		STRCODE        	0189	0000	33

shared estimated size: 46

mcc_generated_files/mcc.c
		_WDT_Initialize		CODE           	023E	0000	5
		_OSCILLATOR_Initialize		CODE           	01FC	0000	8
		_SYSTEM_Initialize		CODE           	01BE	0000	11

mcc_generated_files/mcc.c estimated size: 24

mcc_generated_files/drivers/i2c_master.c
		_returnStop    		CODE           	0261	0000	4
		_i2c_busCollisionISR		CODE           	0242	0000	5
		_i2c_ISR       		CODE           	015E	0000	44
		_do_I2C_TX_EMPTY		CODE           	00F3	0000	59
		_returnReset   		CODE           	025E	0000	4
		_do_I2C_SEND_RESTART_WRITE		CODE           	0227	0000	7
		_do_I2C_DO_NACK_RESTART		CODE           	0209	0000	7
		_do_I2C_SEND_RESTART_READ		CODE           	022D	0000	7
		_do_I2C_SEND_ADR_WRITE		CODE           	01D2	0000	10
		_do_I2C_SEND_STOP		CODE           	021B	0000	7
		_do_I2C_SEND_ADR_READ		CODE           	01C8	0000	11
		_do_I2C_DO_NACK_STOP		CODE           	020F	0000	7
		_do_I2C_SEND_RESTART		CODE           	0221	0000	7
		_do_I2C_RX     		CODE           	009F	0000	85
		_do_I2C_TX     		CODE           	0040	0000	96
		_do_I2C_IDLE   		CODE           	0233	0000	7
		_do_I2C_RCEN   		CODE           	01ED	0000	9
		_do_I2C_DO_ADDRESS_NACK		CODE           	012D	0000	50
		_do_I2C_RESET  		CODE           	01DB	0000	10
		_do_I2C_DO_ACK 		CODE           	0215	0000	7

mcc_generated_files/drivers/i2c_master.c estimated size: 443

main.c
		_main          		CODE           	01F5	0000	8

main.c estimated size: 8

